Microchip MPLAB XC8 Compiler V2.10 ()

Linker command line:

-W-3 --edf=C:\Program Files (x86)\Microchip\xc8\v2.10\pic\dat\en_msgs.txt \
  -pivt0x8=08h -cs -h+dist/default/debug\Scootonomous_Board.X.debug.sym \
  --cmf=dist/default/debug\Scootonomous_Board.X.debug.cmf -z -Q18F47Q43 \
  -oC:\Users\khedg\AppData\Local\Temp\sajk.2 --defsym=__MPLAB_BUILD=1 \
  -Mdist/default/debug/Scootonomous_Board.X.debug.map -E1 -ver=XC8 \
  --acfsm=1493 -ASTACK=0560h-024FFh -pstack=STACK -ACODE=00h-01FFFFh \
  -ACONST=00h-01FFFFh -ASMALLCONST=02500h-025FFhx475 \
  -AMEDIUMCONST=02500h-0FFFFh,012500h-01FFFFh -ACOMRAM=0501h-055Fh \
  -AABS1=0500h-024FFh -ABIGRAM=0501h-024FFh \
  -ARAM=0560h-05FFh,0600h-06FFhx31 -ABANK5=0560h-05FFh -ABANK6=0600h-06FFh \
  -ABANK7=0700h-07FFh -ABANK8=0800h-08FFh -ABANK9=0900h-09FFh \
  -ABANK10=0A00h-0AFFh -ABANK11=0B00h-0BFFh -ABANK12=0C00h-0CFFh \
  -ABANK13=0D00h-0DFFh -ABANK14=0E00h-0EFFh -ABANK15=0F00h-0FFFh \
  -ABANK16=01000h-010FFh -ABANK17=01100h-011FFh -ABANK18=01200h-012FFh \
  -ABANK19=01300h-013FFh -ABANK20=01400h-014FFh -ABANK21=01500h-015FFh \
  -ABANK22=01600h-016FFh -ABANK23=01700h-017FFh -ABANK24=01800h-018FFh \
  -ABANK25=01900h-019FFh -ABANK26=01A00h-01AFFh -ABANK27=01B00h-01BFFh \
  -ABANK28=01C00h-01CFFh -ABANK29=01D00h-01DFFh -ABANK30=01E00h-01EFFh \
  -ABANK31=01F00h-01FFFh -ABANK32=02000h-020FFh -ABANK33=02100h-021FFh \
  -ABANK34=02200h-022FFh -ABANK35=02300h-023FFh -ABANK36=02400h-024FFh \
  -ASFR=00h-0FFhx4,0400h-045Fh,0460h-04FFh -preset_vec=00h \
  -ppowerup=CODE,init -pramtop=02500h -psmallconst=SMALLCONST \
  -pmediumconst=MEDIUMCONST -pconst=CONST -AFARRAM=00h-00h \
  -ACONFIG=0300000h-0300011h -pconfig=CONFIG -AIDLOC=0200000h-020001Fh \
  -pidloc=IDLOC -AEEDATA=0380000h-03803FFh -peeprom_data=EEDATA \
  -prdata=COMRAM,nvrram=COMRAM,nvbit=COMRAM,rbss=COMRAM,rbit=COMRAM \
  -pfarbss=FARRAM,fardata=FARRAM,nvFARRAM=FARRAM \
  -pintsave_regs=BIGRAM,bigbss=BIGRAM,bigdata=BIGRAM -pbss=RAM \
  -pidata=CODE,irdata=CODE,ibigdata=CODE,ifardata=CODE -prparam=COMRAM \
  C:\Users\khedg\AppData\Local\Temp\sajk.o \
  dist/default/debug\Scootonomous_Board.X.debug.o 

Object code version is 3.11

Machine type is 18F47Q43

Call graph: (short form)




                Name                               Link     Load   Length Selector   Space Scale
C:\Users\khedg\AppData\Local\Temp\sajk.o
                init                                102      102        4        4       0
                reset_vec                             0        0        4        0       0
                idloc                            200000   200000       20   200000       0
                config                           300000   300000        A   300000       0
dist/default/debug\Scootonomous_Board.X.debug.o
                ivt0x8                                8        8       FA        4       0
                text6                               2E8      2E8        6        4       0
                text5                               1BC      1BC       4E        4       0
                text4                               272      272       28        4       0
                text3                               23E      23E       34        4       0
                text2                               2BE      2BE       1C        4       0
                text1                               29A      29A       24        4       0
                text0                               106      106       B6        4       0
                cstackCOMRAM                        501      501       13      501       1
                dataCOMRAM                          514      514        E      501       1
                cinit                               20A      20A       34        4       0
                idataCOMRAM                         2DA      2DA        E        4       0

TOTAL           Name                               Link     Load   Length     Space
        CLASS   STACK          

        CLASS   CODE           
                init                                102      102        4         0
                reset_vec                             0        0        4         0
                ivt0x8                                8        8       FA         0
                text6                               2E8      2E8        6         0
                text5                               1BC      1BC       4E         0
                text4                               272      272       28         0
                text3                               23E      23E       34         0
                text2                               2BE      2BE       1C         0
                text1                               29A      29A       24         0
                text0                               106      106       B6         0
                cinit                               20A      20A       34         0
                idataCOMRAM                         2DA      2DA        E         0

        CLASS   CONST          

        CLASS   SMALLCONST     

        CLASS   MEDIUMCONST    

        CLASS   COMRAM         
                cstackCOMRAM                        501      501       13         1
                dataCOMRAM                          514      514        E         1

        CLASS   ABS1           

        CLASS   BIGRAM         

        CLASS   RAM            

        CLASS   BANK5          

        CLASS   BANK6          

        CLASS   BANK7          

        CLASS   BANK8          

        CLASS   BANK9          

        CLASS   BANK10         

        CLASS   BANK11         

        CLASS   BANK12         

        CLASS   BANK13         

        CLASS   BANK14         

        CLASS   BANK15         

        CLASS   BANK16         

        CLASS   BANK17         

        CLASS   BANK18         

        CLASS   BANK19         

        CLASS   BANK20         

        CLASS   BANK21         

        CLASS   BANK22         

        CLASS   BANK23         

        CLASS   BANK24         

        CLASS   BANK25         

        CLASS   BANK26         

        CLASS   BANK27         

        CLASS   BANK28         

        CLASS   BANK29         

        CLASS   BANK30         

        CLASS   BANK31         

        CLASS   BANK32         

        CLASS   BANK33         

        CLASS   BANK34         

        CLASS   BANK35         

        CLASS   BANK36         

        CLASS   SFR            

        CLASS   FARRAM         

        CLASS   CONFIG         
                config                           300000   300000        A         0

        CLASS   IDLOC          
                idloc                            200000   200000       20         0

        CLASS   EEDATA         



SEGMENTS        Name                           Load    Length   Top    Selector   Space  Class

                reset_vec                      000000  000004  000004         0       0  CODE    
                ivt0x8                         000008  0002E6  0002EE         4       0  CODE    
                cstackCOMRAM                   000501  000021  000522       501       1  COMRAM  
                idloc                          200000  000020  200020    200000       0  IDLOC   
                config                         300000  00000A  30000A    300000       0  CONFIG  


UNUSED ADDRESS RANGES

        Name                Unused          Largest block    Delta
        BANK10           000A00-000AFF              100
        BANK11           000B00-000BFF              100
        BANK12           000C00-000CFF              100
        BANK13           000D00-000DFF              100
        BANK14           000E00-000EFF              100
        BANK15           000F00-000FFF              100
        BANK16           001000-0010FF              100
        BANK17           001100-0011FF              100
        BANK18           001200-0012FF              100
        BANK19           001300-0013FF              100
        BANK20           001400-0014FF              100
        BANK21           001500-0015FF              100
        BANK22           001600-0016FF              100
        BANK23           001700-0017FF              100
        BANK24           001800-0018FF              100
        BANK25           001900-0019FF              100
        BANK26           001A00-001AFF              100
        BANK27           001B00-001BFF              100
        BANK28           001C00-001CFF              100
        BANK29           001D00-001DFF              100
        BANK30           001E00-001EFF              100
        BANK31           001F00-001FFF              100
        BANK32           002000-0020FF              100
        BANK33           002100-0021FF              100
        BANK34           002200-0022FF              100
        BANK35           002300-0023FF              100
        BANK36           002400-0024FF              100
        BANK5            000560-0005FF               A0
        BANK6            000600-0006FF              100
        BANK7            000700-0007FF              100
        BANK8            000800-0008FF              100
        BANK9            000900-0009FF              100
        BIGRAM           000522-0024FF             1FDE
        CODE             000004-000007                4
                         0002EE-01FFFF            1FD12
        COMRAM           000522-00055F               3E
        CONFIG           30000A-300011                8
        CONST            000004-000007                4
                         0002EE-01FFFF            1FD12
        EEDATA           380000-3803FF              400
        MEDIUMCONST      002500-00FFFF             DB00
                         012500-01FFFF             DB00
        RAM              000560-0024FF              100
        SFR              000000-0004FF              100
        SMALLCONST       002500-01FFFF              100
        STACK            000560-0024FF             1FA0

                                  Symbol Table

IVTBASEH                       (abs)        00045E
IVTBASEL                       (abs)        00045D
IVTBASEU                       (abs)        00045F
_ACTCONbits                    (abs)        0000AC
_ANSELBbits                    (abs)        000408
_Default_ISR_3                 text6        0002E8
_INTCON0bits                   (abs)        0004D6
_IOCBFbits                     (abs)        00040F
_IOCBNbits                     (abs)        00040E
_IPR0bits                      (abs)        000362
_IVTLOCKbits                   (abs)        000459
_OSCCON1bits                   (abs)        0000AD
_OSCCON3bits                   (abs)        0000AF
_OSCENbits                     (abs)        0000B3
_OSCFRQbits                    (abs)        0000B1
_OSCTUNEbits                   (abs)        0000B0
_PIE0bits                      (abs)        00049E
_PIR4bits                      (abs)        0004B2
_PWM1CLKbits                   (abs)        000461
_PWM1CONbits                   (abs)        000469
_PWM1CPREbits                  (abs)        000465
_PWM1ERSbits                   (abs)        000460
_PWM1GIEbits                   (abs)        000468
_PWM1GIRbits                   (abs)        000467
_PWM1LDSbits                   (abs)        000462
_PWM1PIPOSbits                 (abs)        000466
_PWM1PRHbits                   (abs)        000464
_PWM1PRLbits                   (abs)        000463
_PWM1S1CFGbits                 (abs)        00046A
_PWM1S1P1Hbits                 (abs)        00046C
_PWM1S1P1Lbits                 (abs)        00046B
_PWM1S1P2Hbits                 (abs)        00046E
_PWM1S1P2Lbits                 (abs)        00046D
_PWMENbits                     (abs)        00049D
_PWMLOADbits                   (abs)        00049C
_RB0PPS                        (abs)        000209
_RB4PPS                        (abs)        00020D
_SHADCONbits                   (abs)        000376
_TRISBbits                     (abs)        0004C7
_U1BRGHbits                    (abs)        0002AF
_U1BRGLbits                    (abs)        0002AE
_U1CON0bits                    (abs)        0002AB
_U1CON1bits                    (abs)        0002AC
_U1TXB                         (abs)        0002A3
__CFG_BBEN$OFF                 (abs)        000000
__CFG_BBSIZE$BBSIZE_512        (abs)        000000
__CFG_BOREN$SBORDIS            (abs)        000000
__CFG_BORV$VBOR_1P9            (abs)        000000
__CFG_CLKOUTEN$OFF             (abs)        000000
__CFG_CP$OFF                   (abs)        000000
__CFG_CSWEN$ON                 (abs)        000000
__CFG_DEBUG$OFF                (abs)        000000
__CFG_FCMEN$ON                 (abs)        000000
__CFG_FEXTOSC$OFF              (abs)        000000
__CFG_IVT1WAY$ON               (abs)        000000
__CFG_LPBOREN$OFF              (abs)        000000
__CFG_LVP$ON                   (abs)        000000
__CFG_MCLRE$EXTMCLR            (abs)        000000
__CFG_MVECEN$ON                (abs)        000000
__CFG_PPS1WAY$ON               (abs)        000000
__CFG_PR1WAY$ON                (abs)        000000
__CFG_PWRTS$PWRT_OFF           (abs)        000000
__CFG_RSTOSC$HFINTOSC_64MHZ    (abs)        000000
__CFG_SAFEN$OFF                (abs)        000000
__CFG_STVREN$ON                (abs)        000000
__CFG_WDTCCS$SC                (abs)        000000
__CFG_WDTCPS$WDTCPS_31         (abs)        000000
__CFG_WDTCWS$WDTCWS_7          (abs)        000000
__CFG_WDTE$OFF                 (abs)        000000
__CFG_WRTAPP$OFF               (abs)        000000
__CFG_WRTB$OFF                 (abs)        000000
__CFG_WRTC$OFF                 (abs)        000000
__CFG_WRTD$OFF                 (abs)        000000
__CFG_WRTSAF$OFF               (abs)        000000
__CFG_XINST$OFF                (abs)        000000
__CFG_ZCD$OFF                  (abs)        000000
__HRAM                         (abs)        000000
__Habs1                        abs1         000000
__Hbank10                      bank10       000000
__Hbank11                      bank11       000000
__Hbank12                      bank12       000000
__Hbank13                      bank13       000000
__Hbank14                      bank14       000000
__Hbank15                      bank15       000000
__Hbank16                      bank16       000000
__Hbank17                      bank17       000000
__Hbank18                      bank18       000000
__Hbank19                      bank19       000000
__Hbank20                      bank20       000000
__Hbank21                      bank21       000000
__Hbank22                      bank22       000000
__Hbank23                      bank23       000000
__Hbank24                      bank24       000000
__Hbank25                      bank25       000000
__Hbank26                      bank26       000000
__Hbank27                      bank27       000000
__Hbank28                      bank28       000000
__Hbank29                      bank29       000000
__Hbank30                      bank30       000000
__Hbank31                      bank31       000000
__Hbank32                      bank32       000000
__Hbank33                      bank33       000000
__Hbank34                      bank34       000000
__Hbank35                      bank35       000000
__Hbank36                      bank36       000000
__Hbank5                       bank5        000000
__Hbank6                       bank6        000000
__Hbank7                       bank7        000000
__Hbank8                       bank8        000000
__Hbank9                       bank9        000000
__Hbigbss                      bigbss       000000
__Hbigdata                     bigdata      000000
__Hbigram                      bigram       000000
__Hbss                         bss          000000
__Hcinit                       cinit        000000
__Hclrtext                     clrtext      000000
__Hcomram                      comram       000000
__Hconfig                      config       30000A
__Hconst                       const        000000
__HcstackCOMRAM                cstackCOMRAM 000000
__Hdata                        data         000000
__HdataCOMRAM                  dataCOMRAM   000000
__Heeprom_data                 eeprom_data  000000
__Hfarbss                      farbss       000000
__Hfardata                     fardata      000000
__Hibigdata                    ibigdata     000000
__Hidata                       idata        000000
__HidataCOMRAM                 idataCOMRAM  000000
__Hidloc                       idloc        200020
__Hifardata                    ifardata     000000
__Hinit                        init         000106
__Hintsave_regs                intsave_regs 000000
__Hirdata                      irdata       000000
__Hivt0x8                      ivt0x8       000102
__Hmediumconst                 mediumconst  000000
__HnvFARRAM                    nvFARRAM     000000
__Hnvbit                       nvbit        000000
__Hnvrram                      nvrram       000000
__Hparam                       rparam       000000
__Hpowerup                     powerup      000000
__Hram                         ram          000000
__Hramtop                      ramtop       002500
__Hrbit                        rbit         000000
__Hrbss                        rbss         000000
__Hrdata                       rdata        000000
__Hreset_vec                   reset_vec    000004
__Hrparam                      rparam       000000
__Hsfr                         sfr          000000
__Hsmallconst                  smallconst   000000
__Hspace_0                     (abs)        30000A
__Hspace_1                     (abs)        000522
__Hspace_2                     (abs)        000000
__Hstack                       stack        000000
__Hstruct                      struct       000000
__Htemp                        temp         000000
__Htext                        text         000000
__Htext0                       text0        000000
__Htext1                       text1        000000
__Htext2                       text2        000000
__Htext3                       text3        000000
__Htext4                       text4        000000
__Htext5                       text5        000000
__Htext6                       text6        000000
__LRAM                         (abs)        000001
__Labs1                        abs1         000000
__Lbank10                      bank10       000000
__Lbank11                      bank11       000000
__Lbank12                      bank12       000000
__Lbank13                      bank13       000000
__Lbank14                      bank14       000000
__Lbank15                      bank15       000000
__Lbank16                      bank16       000000
__Lbank17                      bank17       000000
__Lbank18                      bank18       000000
__Lbank19                      bank19       000000
__Lbank20                      bank20       000000
__Lbank21                      bank21       000000
__Lbank22                      bank22       000000
__Lbank23                      bank23       000000
__Lbank24                      bank24       000000
__Lbank25                      bank25       000000
__Lbank26                      bank26       000000
__Lbank27                      bank27       000000
__Lbank28                      bank28       000000
__Lbank29                      bank29       000000
__Lbank30                      bank30       000000
__Lbank31                      bank31       000000
__Lbank32                      bank32       000000
__Lbank33                      bank33       000000
__Lbank34                      bank34       000000
__Lbank35                      bank35       000000
__Lbank36                      bank36       000000
__Lbank5                       bank5        000000
__Lbank6                       bank6        000000
__Lbank7                       bank7        000000
__Lbank8                       bank8        000000
__Lbank9                       bank9        000000
__Lbigbss                      bigbss       000000
__Lbigdata                     bigdata      000000
__Lbigram                      bigram       000000
__Lbss                         bss          000000
__Lcinit                       cinit        000000
__Lclrtext                     clrtext      000000
__Lcomram                      comram       000000
__Lconfig                      config       300000
__Lconst                       const        000000
__LcstackCOMRAM                cstackCOMRAM 000000
__Ldata                        data         000000
__LdataCOMRAM                  dataCOMRAM   000000
__Leeprom_data                 eeprom_data  000000
__Lfarbss                      farbss       000000
__Lfardata                     fardata      000000
__Libigdata                    ibigdata     000000
__Lidata                       idata        000000
__LidataCOMRAM                 idataCOMRAM  000000
__Lidloc                       idloc        200000
__Lifardata                    ifardata     000000
__Linit                        init         000102
__Lintsave_regs                intsave_regs 000000
__Lirdata                      irdata       000000
__Livt0x8                      ivt0x8       000008
__Lmediumconst                 mediumconst  000000
__LnvFARRAM                    nvFARRAM     000000
__Lnvbit                       nvbit        000000
__Lnvrram                      nvrram       000000
__Lparam                       rparam       000000
__Lpowerup                     powerup      000000
__Lram                         ram          000000
__Lramtop                      ramtop       002500
__Lrbit                        rbit         000000
__Lrbss                        rbss         000000
__Lrdata                       rdata        000000
__Lreset_vec                   reset_vec    000000
__Lrparam                      rparam       000000
__Lsfr                         sfr          000000
__Lsmallconst                  smallconst   000000
__Lspace_0                     (abs)        000000
__Lspace_1                     (abs)        000000
__Lspace_2                     (abs)        000000
__Lstack                       stack        000000
__Lstruct                      struct       000000
__Ltemp                        temp         000000
__Ltext                        text         000000
__Ltext0                       text0        000000
__Ltext1                       text1        000000
__Ltext2                       text2        000000
__Ltext3                       text3        000000
__Ltext4                       text4        000000
__Ltext5                       text5        000000
__Ltext6                       text6        000000
__S0                           (abs)        30000A
__S1                           (abs)        000522
__S2                           (abs)        000000
___inthi_sp                    stack        000000
___intlo_sp                    stack        000000
___param_bank                  (abs)        000000
___rparam_used                 (abs)        000001
___sp                          stack        000000
__accesstop                    (abs)        000560
__activetblptr                 (abs)        000000
__end_of_Default_ISR_3         text6        0002EE
__end_of__initialization       cinit        000238
__end_of_initializeADC_CLK     text5        00020A
__end_of_initializeHardware    text1        0002BE
__end_of_initializeInterrupts  text4        00029A
__end_of_initializeOscillator  text3        000272
__end_of_initializeUART        text2        0002DA
__end_of_main                  text0        0001BC
__initialization               cinit        00020A
__mediumconst                  mediumconst  000000
__pcinit                       cinit        00020A
__pcstackCOMRAM                cstackCOMRAM 000501
__pdataCOMRAM                  dataCOMRAM   000514
__pidataCOMRAM                 idataCOMRAM  0002DA
__pivt0x8                      ivt0x8       000008
__ptext0                       text0        000106
__ptext1                       text1        00029A
__ptext2                       text2        0002BE
__ptext3                       text3        00023E
__ptext4                       text4        000272
__ptext5                       text5        0001BC
__ptext6                       text6        0002E8
__ramtop                       ramtop       002500
__size_of_Default_ISR_3        (abs)        000000
__size_of_initializeADC_CLK    (abs)        000000
__size_of_initializeHardware   (abs)        000000
__size_of_initializeInterrupts (abs)        000000
__size_of_initializeOscillator (abs)        000000
__size_of_initializeUART       (abs)        000000
__size_of_main                 (abs)        000000
__smallconst                   smallconst   000000
_initializeADC_CLK             text5        0001BC
_initializeHardware            text1        00029A
_initializeInterrupts          text4        000272
_initializeOscillator          text3        00023E
_initializeUART                text2        0002BE
_main                          text0        000106
end_of_initialization          cinit        000238
intlevel0                      text         000000
intlevel1                      text         000000
intlevel2                      text         000000
intlevel3                      text         000000
ivt0x8_base                    ivt0x8       000008
ivt0x8_undefint                ivt0x8       000100
main@F16208                    dataCOMRAM   000514
main@hello_world               cstackCOMRAM 000501
main@i                         cstackCOMRAM 000510
main@i_98                      cstackCOMRAM 000512
stackhi                        (abs)        0024FF
stacklo                        (abs)        000560
start                          init         000102
start_initialization           cinit        00020A


FUNCTION INFORMATION:

 *************** function _main *****************
 Defined at:
		line 21 in file "main.c"
 Parameters:    Size  Location     Type
		None
 Auto vars:     Size  Location     Type
  i               2   17[COMRAM] int 
  hello_world    14    0[COMRAM] unsigned char [14]
  i               2   15[COMRAM] int 
  j               1    0        unsigned char 
 Return value:  Size  Location     Type
                  1    wreg      void 
 Registers used:
		wreg, fsr1l, fsr1h, fsr2l, fsr2h, status,2, status,0, cstack
 Tracked objects:
		On entry : 
		On exit  : 
		Unchanged: 
 Data sizes:     COMRAM   BANK5   BANK6   BANK7   BANK8   BANK9  BANK10  BANK11  BANK12  BANK13  BANK14  BANK15  BANK16  BANK17  BANK18  BANK19  BANK20  BANK21  BANK22  BANK23  BANK24  BANK25  BANK26  BANK27  BANK28  BANK29  BANK30  BANK31  BANK32  BANK33  BANK34  BANK35  BANK36
      Params:         0       0       0       0       0       0       0       0       0       0       0       0       0       0       0       0       0       0       0       0       0       0       0       0       0       0       0       0       0       0       0       0       0
      Locals:        19       0       0       0       0       0       0       0       0       0       0       0       0       0       0       0       0       0       0       0       0       0       0       0       0       0       0       0       0       0       0       0       0
      Temps:          0       0       0       0       0       0       0       0       0       0       0       0       0       0       0       0       0       0       0       0       0       0       0       0       0       0       0       0       0       0       0       0       0
      Totals:        19       0       0       0       0       0       0       0       0       0       0       0       0       0       0       0       0       0       0       0       0       0       0       0       0       0       0       0       0       0       0       0       0
Total ram usage:       19 bytes
 Hardware stack levels required when called:    3
 This function calls:
		_initializeHardware
 This function is called by:
		Startup code after reset
 This function uses a non-reentrant model


 *************** function _initializeHardware *****************
 Defined at:
		line 21 in file "initializeHardware.c"
 Parameters:    Size  Location     Type
		None
 Auto vars:     Size  Location     Type
		None
 Return value:  Size  Location     Type
                  1    wreg      void 
 Registers used:
		wreg, status,2, cstack
 Tracked objects:
		On entry : 
		On exit  : 
		Unchanged: 
 Data sizes:     COMRAM   BANK5   BANK6   BANK7   BANK8   BANK9  BANK10  BANK11  BANK12  BANK13  BANK14  BANK15  BANK16  BANK17  BANK18  BANK19  BANK20  BANK21  BANK22  BANK23  BANK24  BANK25  BANK26  BANK27  BANK28  BANK29  BANK30  BANK31  BANK32  BANK33  BANK34  BANK35  BANK36
      Params:         0       0       0       0       0       0       0       0       0       0       0       0       0       0       0       0       0       0       0       0       0       0       0       0       0       0       0       0       0       0       0       0       0
      Locals:         0       0       0       0       0       0       0       0       0       0       0       0       0       0       0       0       0       0       0       0       0       0       0       0       0       0       0       0       0       0       0       0       0
      Temps:          0       0       0       0       0       0       0       0       0       0       0       0       0       0       0       0       0       0       0       0       0       0       0       0       0       0       0       0       0       0       0       0       0
      Totals:         0       0       0       0       0       0       0       0       0       0       0       0       0       0       0       0       0       0       0       0       0       0       0       0       0       0       0       0       0       0       0       0       0
Total ram usage:        0 bytes
 Hardware stack levels used:    1
 Hardware stack levels required when called:    2
 This function calls:
		_initializeADC_CLK
		_initializeInterrupts
		_initializeOscillator
		_initializeUART
 This function is called by:
		_main
 This function uses a non-reentrant model


 *************** function _initializeUART *****************
 Defined at:
		line 203 in file "initializeHardware.c"
 Parameters:    Size  Location     Type
		None
 Auto vars:     Size  Location     Type
		None
 Return value:  Size  Location     Type
                  1    wreg      void 
 Registers used:
		wreg, status,2
 Tracked objects:
		On entry : 
		On exit  : 
		Unchanged: 
 Data sizes:     COMRAM   BANK5   BANK6   BANK7   BANK8   BANK9  BANK10  BANK11  BANK12  BANK13  BANK14  BANK15  BANK16  BANK17  BANK18  BANK19  BANK20  BANK21  BANK22  BANK23  BANK24  BANK25  BANK26  BANK27  BANK28  BANK29  BANK30  BANK31  BANK32  BANK33  BANK34  BANK35  BANK36
      Params:         0       0       0       0       0       0       0       0       0       0       0       0       0       0       0       0       0       0       0       0       0       0       0       0       0       0       0       0       0       0       0       0       0
      Locals:         0       0       0       0       0       0       0       0       0       0       0       0       0       0       0       0       0       0       0       0       0       0       0       0       0       0       0       0       0       0       0       0       0
      Temps:          0       0       0       0       0       0       0       0       0       0       0       0       0       0       0       0       0       0       0       0       0       0       0       0       0       0       0       0       0       0       0       0       0
      Totals:         0       0       0       0       0       0       0       0       0       0       0       0       0       0       0       0       0       0       0       0       0       0       0       0       0       0       0       0       0       0       0       0       0
Total ram usage:        0 bytes
 Hardware stack levels used:    1
 Hardware stack levels required when called:    1
 This function calls:
		Nothing
 This function is called by:
		_initializeHardware
 This function uses a non-reentrant model


 *************** function _initializeOscillator *****************
 Defined at:
		line 41 in file "initializeHardware.c"
 Parameters:    Size  Location     Type
		None
 Auto vars:     Size  Location     Type
		None
 Return value:  Size  Location     Type
                  1    wreg      void 
 Registers used:
		wreg, status,2
 Tracked objects:
		On entry : 
		On exit  : 
		Unchanged: 
 Data sizes:     COMRAM   BANK5   BANK6   BANK7   BANK8   BANK9  BANK10  BANK11  BANK12  BANK13  BANK14  BANK15  BANK16  BANK17  BANK18  BANK19  BANK20  BANK21  BANK22  BANK23  BANK24  BANK25  BANK26  BANK27  BANK28  BANK29  BANK30  BANK31  BANK32  BANK33  BANK34  BANK35  BANK36
      Params:         0       0       0       0       0       0       0       0       0       0       0       0       0       0       0       0       0       0       0       0       0       0       0       0       0       0       0       0       0       0       0       0       0
      Locals:         0       0       0       0       0       0       0       0       0       0       0       0       0       0       0       0       0       0       0       0       0       0       0       0       0       0       0       0       0       0       0       0       0
      Temps:          0       0       0       0       0       0       0       0       0       0       0       0       0       0       0       0       0       0       0       0       0       0       0       0       0       0       0       0       0       0       0       0       0
      Totals:         0       0       0       0       0       0       0       0       0       0       0       0       0       0       0       0       0       0       0       0       0       0       0       0       0       0       0       0       0       0       0       0       0
Total ram usage:        0 bytes
 Hardware stack levels used:    1
 Hardware stack levels required when called:    1
 This function calls:
		Nothing
 This function is called by:
		_initializeHardware
 This function uses a non-reentrant model


 *************** function _initializeInterrupts *****************
 Defined at:
		line 151 in file "initializeHardware.c"
 Parameters:    Size  Location     Type
		None
 Auto vars:     Size  Location     Type
		None
 Return value:  Size  Location     Type
                  1    wreg      void 
 Registers used:
		None
 Tracked objects:
		On entry : 
		On exit  : 
		Unchanged: 
 Data sizes:     COMRAM   BANK5   BANK6   BANK7   BANK8   BANK9  BANK10  BANK11  BANK12  BANK13  BANK14  BANK15  BANK16  BANK17  BANK18  BANK19  BANK20  BANK21  BANK22  BANK23  BANK24  BANK25  BANK26  BANK27  BANK28  BANK29  BANK30  BANK31  BANK32  BANK33  BANK34  BANK35  BANK36
      Params:         0       0       0       0       0       0       0       0       0       0       0       0       0       0       0       0       0       0       0       0       0       0       0       0       0       0       0       0       0       0       0       0       0
      Locals:         0       0       0       0       0       0       0       0       0       0       0       0       0       0       0       0       0       0       0       0       0       0       0       0       0       0       0       0       0       0       0       0       0
      Temps:          0       0       0       0       0       0       0       0       0       0       0       0       0       0       0       0       0       0       0       0       0       0       0       0       0       0       0       0       0       0       0       0       0
      Totals:         0       0       0       0       0       0       0       0       0       0       0       0       0       0       0       0       0       0       0       0       0       0       0       0       0       0       0       0       0       0       0       0       0
Total ram usage:        0 bytes
 Hardware stack levels used:    1
 Hardware stack levels required when called:    1
 This function calls:
		Nothing
 This function is called by:
		_initializeHardware
 This function uses a non-reentrant model


 *************** function _initializeADC_CLK *****************
 Defined at:
		line 85 in file "initializeHardware.c"
 Parameters:    Size  Location     Type
		None
 Auto vars:     Size  Location     Type
		None
 Return value:  Size  Location     Type
                  1    wreg      void 
 Registers used:
		wreg, status,2
 Tracked objects:
		On entry : 
		On exit  : 
		Unchanged: 
 Data sizes:     COMRAM   BANK5   BANK6   BANK7   BANK8   BANK9  BANK10  BANK11  BANK12  BANK13  BANK14  BANK15  BANK16  BANK17  BANK18  BANK19  BANK20  BANK21  BANK22  BANK23  BANK24  BANK25  BANK26  BANK27  BANK28  BANK29  BANK30  BANK31  BANK32  BANK33  BANK34  BANK35  BANK36
      Params:         0       0       0       0       0       0       0       0       0       0       0       0       0       0       0       0       0       0       0       0       0       0       0       0       0       0       0       0       0       0       0       0       0
      Locals:         0       0       0       0       0       0       0       0       0       0       0       0       0       0       0       0       0       0       0       0       0       0       0       0       0       0       0       0       0       0       0       0       0
      Temps:          0       0       0       0       0       0       0       0       0       0       0       0       0       0       0       0       0       0       0       0       0       0       0       0       0       0       0       0       0       0       0       0       0
      Totals:         0       0       0       0       0       0       0       0       0       0       0       0       0       0       0       0       0       0       0       0       0       0       0       0       0       0       0       0       0       0       0       0       0
Total ram usage:        0 bytes
 Hardware stack levels used:    1
 Hardware stack levels required when called:    1
 This function calls:
		Nothing
 This function is called by:
		_initializeHardware
 This function uses a non-reentrant model


 *************** function _Default_ISR_3 *****************
 Defined at:
		line 15 in file "main.c"
 Parameters:    Size  Location     Type
		None
 Auto vars:     Size  Location     Type
		None
 Return value:  Size  Location     Type
                  1    wreg      void 
 Registers used:
		None
 Tracked objects:
		On entry : 
		On exit  : 
		Unchanged: 
 Data sizes:     COMRAM   BANK5   BANK6   BANK7   BANK8   BANK9  BANK10  BANK11  BANK12  BANK13  BANK14  BANK15  BANK16  BANK17  BANK18  BANK19  BANK20  BANK21  BANK22  BANK23  BANK24  BANK25  BANK26  BANK27  BANK28  BANK29  BANK30  BANK31  BANK32  BANK33  BANK34  BANK35  BANK36
      Params:         0       0       0       0       0       0       0       0       0       0       0       0       0       0       0       0       0       0       0       0       0       0       0       0       0       0       0       0       0       0       0       0       0
      Locals:         0       0       0       0       0       0       0       0       0       0       0       0       0       0       0       0       0       0       0       0       0       0       0       0       0       0       0       0       0       0       0       0       0
      Temps:          0       0       0       0       0       0       0       0       0       0       0       0       0       0       0       0       0       0       0       0       0       0       0       0       0       0       0       0       0       0       0       0       0
      Totals:         0       0       0       0       0       0       0       0       0       0       0       0       0       0       0       0       0       0       0       0       0       0       0       0       0       0       0       0       0       0       0       0       0
Total ram usage:        0 bytes
 Hardware stack levels used:    1
 This function calls:
		Nothing
 This function is called by:
		Interrupt level 1
 This function uses a non-reentrant model



MODULE INFORMATION

Module		Function		Class		Link	Load	Size
shared
		__initialization		CODE           	020A	0000	47

shared estimated size: 47

initializeHardware.c
		_initializeOscillator		CODE           	023E	0000	53
		_initializeHardware		CODE           	029A	0000	37
		_initializeADC_CLK		CODE           	01BC	0000	79
		_initializeInterrupts		CODE           	0272	0000	41
		_initializeUART		CODE           	02BE	0000	29

initializeHardware.c estimated size: 239

main.c
		_main          		CODE           	0106	0000	183
		_Default_ISR_3 		CODE           	02E8	0000	7

main.c estimated size: 190

